---
source: crates/fmt/src/lib.rs
expression: snapshot
---
main:     xor eax, eax
already_good:add rax, rcx
hello:  db "hello!\0"

